[31mError:[0m 
   [38;5;246mâ•­[0m[38;5;246mâ”€[0m[38;5;246m[[0m/workspaces/nail/crates/dock/tests/type_check/return_type/main.nail:2:3[38;5;246m][0m
   [38;5;246mâ”‚[0m
 [38;5;246m2 â”‚[0m [38;5;249m [0m[38;5;249m [0mreturn 10[38;5;249m;[0m
 [38;5;240m  â”‚[0m   â”€â”€â”€â”€â”¬â”€â”€â”€â”€  
 [38;5;240m  â”‚[0m       â•°â”€â”€â”€â”€â”€â”€ expected string, actual: int
[38;5;246mâ”€â”€â”€â•¯[0m
